// Jest Snapshot v1, https://goo.gl/fbAQLP

exports[`App should render in debug mode 1`] = `
<div
  className="App"
>
  <header
    className=""
  >
    Header
  </header>
  <main>
    <form>
      <label>
        First Name
        <input
          id="first_name"
          name="first_name"
          onChange={[Function]}
          type="text"
          value=""
        />
      </label>
      <br />
      <label>
        Last Name
        <input
          name="last_name"
          onChange={[Function]}
          type="text"
          value=""
        />
      </label>
      <br />
      <label>
        Age
        <input
          name="age"
          onChange={[Function]}
          type="text"
          value=""
        />
      </label>
    </form>
    <pre>
      {"debug":true}
    </pre>
  </main>
</div>
`;
